[backblue.gif]
[fade.gif]
[index.html]
[envato.megadrupal.com/html/gofar/index.html]
[envato.megadrupal.com/html/gofar/css/fonts/glyphicons-halflings-regular.eot]
[envato.megadrupal.com/html/gofar/css/fonts/glyphicons-halflings-regulard41d.eot]
[envato.megadrupal.com/html/gofar/css/lib/bootstrap.min.css]
[envato.megadrupal.com/html/gofar/images/logo.png]
[connect.facebook.net/en_US/fbevents.js]
[envato.megadrupal.com/html/gofar/css/lib/font-awesome.min.css]
[envato.megadrupal.com/html/gofar/css/lib/awe-booking-font.css]
[envato.megadrupal.com/html/gofar/css/lib/owl.carousel.css]
[envato.megadrupal.com/html/gofar/css/lib/magnific-popup.css]
[envato.megadrupal.com/html/gofar/css/lib/jquery-ui.css]
[envato.megadrupal.com/html/gofar/revslider-demo/assets/gridtile.png]
[envato.megadrupal.com/html/gofar/revslider-demo/css/settings.css]
[envato.megadrupal.com/html/gofar/css/style.css]
[envato.megadrupal.com/html/gofar/css/demo.css]
[envato.megadrupal.com/html/gofar/css/colors/blue.css]
[connect.facebook.net/en_US/fbevents.js]
[envato.megadrupal.com/html/gofar/index-2.html]
[envato.megadrupal.com/html/gofar/index2.html]
[envato.megadrupal.com/html/gofar/index3.html]
[envato.megadrupal.com/html/gofar/index-dark.html]
[envato.megadrupal.com/html/gofar/index2-dark.html]
[envato.megadrupal.com/html/gofar/index3-dark.html]
[envato.megadrupal.com/html/gofar/destinations-list.html]
[envato.megadrupal.com/html/gofar/destinations-grid.html]
[envato.megadrupal.com/html/gofar/destinations-trip.html]
[envato.megadrupal.com/html/gofar/destinations-hotel.html]
[envato.megadrupal.com/html/gofar/destinations-attraction.html]
[envato.megadrupal.com/html/gofar/destinations-flight.html]
[envato.megadrupal.com/html/gofar/attraction-detail-dark.html]
[envato.megadrupal.com/html/gofar/destinations-train.html]
[envato.megadrupal.com/html/gofar/destinations-list-dark.html]
[envato.megadrupal.com/html/gofar/destinations-grid-dark.html]
[envato.megadrupal.com/html/gofar/destinations-trip-dark.html]
[envato.megadrupal.com/html/gofar/destinations-hotel-dark.html]
[envato.megadrupal.com/html/gofar/destinations-attraction-dark.html]
[envato.megadrupal.com/html/gofar/destinations-flight-dark.html]
[envato.megadrupal.com/html/gofar/destinations-train-dark.html]
[envato.megadrupal.com/html/gofar/images/bg/1.jpg]
[envato.megadrupal.com/html/gofar/trip.html]
[envato.megadrupal.com/html/gofar/images/bg/2.jpg]
[envato.megadrupal.com/html/gofar/trip-detail.html]
[envato.megadrupal.com/html/gofar/images/bg/3.jpg]
[envato.megadrupal.com/html/gofar/trip-dark.html]
[envato.megadrupal.com/html/gofar/images/img/1.jpg]
[envato.megadrupal.com/html/gofar/trip-detail-dark.html]
[envato.megadrupal.com/html/gofar/images/img/2.jpg]
[envato.megadrupal.com/html/gofar/hotel.html]
[envato.megadrupal.com/html/gofar/images/img/3.jpg]
[envato.megadrupal.com/html/gofar/hotel-detail.html]
[envato.megadrupal.com/html/gofar/images/img/4.jpg]
[envato.megadrupal.com/html/gofar/hotel-dark.html]
[envato.megadrupal.com/html/gofar/images/img/5.jpg]
[envato.megadrupal.com/html/gofar/hotel-detail-dark.html]
[envato.megadrupal.com/html/gofar/images/img/6.jpg]
[envato.megadrupal.com/html/gofar/flight.html]
[envato.megadrupal.com/html/gofar/images/img/7.jpg]
[envato.megadrupal.com/html/gofar/flight-detail.html]
[envato.megadrupal.com/html/gofar/images/img/8.jpg]
[envato.megadrupal.com/html/gofar/flight-dark.html]
[envato.megadrupal.com/html/gofar/images/img/9.jpg]
[envato.megadrupal.com/html/gofar/flight-detail-dark.html]
[envato.megadrupal.com/html/gofar/images/trip/2.jpg]
[envato.megadrupal.com/html/gofar/train.html]
[envato.megadrupal.com/html/gofar/images/trip.jpg]
[envato.megadrupal.com/html/gofar/train-detail.html]
[envato.megadrupal.com/html/gofar/images/trip/3.jpg]
[envato.megadrupal.com/html/gofar/train-dark.html]
[envato.megadrupal.com/html/gofar/images/trip/4.jpg]
[envato.megadrupal.com/html/gofar/train-detail-dark.html]
[envato.megadrupal.com/html/gofar/images/trip/5.jpg]
[envato.megadrupal.com/html/gofar/attraction.html]
[envato.megadrupal.com/html/gofar/images/trip/1.jpg]
[envato.megadrupal.com/html/gofar/attraction-detail.html]
[envato.megadrupal.com/html/gofar/images/thumb/40-40.jpg]
[envato.megadrupal.com/html/gofar/attraction-dark.html]
[envato.megadrupal.com/html/gofar/images/logo-footer.png]
[envato.megadrupal.com/html/gofar/attraction-detail-dark.html]
[envato.megadrupal.com/html/gofar/blog.html]
[envato.megadrupal.com/html/gofar/single-post.html]
[envato.megadrupal.com/html/gofar/blog-dark.html]
[envato.megadrupal.com/html/gofar/single-post-dark.html]
[envato.megadrupal.com/html/gofar/login.html]
[envato.megadrupal.com/html/gofar/register.html]
[envato.megadrupal.com/html/gofar/checkout-yourcart.html]
[envato.megadrupal.com/html/gofar/checkout-customer.html]
[www.google-analytics.com/analytics.js]
[envato.megadrupal.com/html/gofar/checkout-complete.html]
[envato.megadrupal.com/html/gofar/checkout-yourcart-dark.html]
[envato.megadrupal.com/html/gofar/checkout-customer-dark.html]
[envato.megadrupal.com/html/gofar/checkout-complete-dark.html]
[envato.megadrupal.com/html/gofar/css/fonts/glyphicons-halflings-regular-2.html]
[envato.megadrupal.com/html/gofar/shortcode.html]
[envato.megadrupal.com/html/gofar/css/fonts/fontawesome-webfont78ce.eot]
[envato.megadrupal.com/html/gofar/css/fonts/glyphicons-halflings-regular-4.html]
[envato.megadrupal.com/html/gofar/css/fonts/glyphicons-halflings-regular-3.html]
[envato.megadrupal.com/html/gofar/css/fonts/fontawesome-webfontd41d.eot]
[envato.megadrupal.com/html/gofar/contact.html]
[envato.megadrupal.com/html/gofar/css/fonts/fontawesome-webfont78ce.ttf]
[envato.megadrupal.com/html/gofar/css/fonts/fontawesome-webfont78ce.woff]
[envato.megadrupal.com/html/gofar/contact-dark.html]
[envato.megadrupal.com/html/gofar/js/lib/jquery-1.11.2.min.js]
[envato.megadrupal.com/html/gofar/js/lib/masonry.pkgd.min.js]
[envato.megadrupal.com/html/gofar/css/fonts/icomoond41d.eot]
[envato.megadrupal.com/html/gofar/css/fonts/icomoon22a0.eot]
[envato.megadrupal.com/html/gofar/js/lib/jquery.parallax-1.1.3.js]
[envato.megadrupal.com/html/gofar/js/lib/jquery.owl.carousel.js]
[envato.megadrupal.com/html/gofar/css/fonts/icomoon22a0.ttf]
[envato.megadrupal.com/html/gofar/js/lib/theia-sticky-sidebar.js]
[envato.megadrupal.com/html/gofar/css/fonts/icomoon22a0.woff]
[envato.megadrupal.com/html/gofar/js/lib/jquery.magnific-popup.min.js]
[envato.megadrupal.com/html/gofar/js/lib/jquery-ui.js]
[envato.megadrupal.com/html/gofar/css/lib/grabbing.html]
[envato.megadrupal.com/html/gofar/css/lib/images/ui-bg_flat_75_ffffff_40x100.html]
[envato.megadrupal.com/html/gofar/js/scripts.js]
[envato.megadrupal.com/html/gofar/css/lib/images/ui-bg_highlight-soft_75_cccccc_1x100.html]
[envato.megadrupal.com/html/gofar/css/lib/images/ui-bg_glass_75_e6e6e6_1x400.html]
[envato.megadrupal.com/html/gofar/css/lib/images/ui-bg_glass_65_ffffff_1x400.html]
[envato.megadrupal.com/html/gofar/css/lib/images/ui-bg_glass_75_dadada_1x400.html]
[envato.megadrupal.com/html/gofar/revslider-demo/js/jquery.themepunch.revolution.min.js]
[envato.megadrupal.com/html/gofar/css/lib/images/ui-bg_glass_55_fbf9ee_1x400.html]
[envato.megadrupal.com/html/gofar/revslider-demo/js/jquery.themepunch.tools.min.js]
[envato.megadrupal.com/html/gofar/css/fonts/glyphicons-halflings-regular.html]
[envato.megadrupal.com/html/gofar/css/lib/images/ui-bg_glass_95_fef1ec_1x400.html]
[envato.megadrupal.com/html/gofar/css/fonts/glyphicons-halflings-regulard41d.html]
[envato.megadrupal.com/html/gofar/css/lib/images/ui-icons_222222_256x240.html]
[envato.megadrupal.com/html/gofar/css/fonts/glyphicons-halflings-regular-2.html]
[envato.megadrupal.com/html/gofar/css/lib/images/ui-icons_454545_256x240.html]
[envato.megadrupal.com/html/gofar/css/fonts/glyphicons-halflings-regular-3.html]
[envato.megadrupal.com/html/gofar/css/lib/images/ui-icons_888888_256x240.html]
[envato.megadrupal.com/html/gofar/css/fonts/glyphicons-halflings-regular-4.html]
[envato.megadrupal.com/html/gofar/css/lib/images/ui-icons_cd0a0a_256x240.html]
[envato.megadrupal.com/html/gofar/css/lib/images/ui-icons_2e83ff_256x240.html]
[envato.megadrupal.com/html/gofar/revslider-demo/font/revicons90c6.eot]
[envato.megadrupal.com/html/gofar/css/fonts/fontawesome-webfont78ce.svg]
[envato.megadrupal.com/html/gofar/css/fonts/icomoon22a0.svg]
[envato.megadrupal.com/html/gofar/css/lib/images/ui-bg_flat_0_aaaaaa_40x100.html]
[envato.megadrupal.com/html/gofar/css/lib/grabbing.html]
[envato.megadrupal.com/html/gofar/revslider-demo/font/revicons90c6.ttf]
[envato.megadrupal.com/html/gofar/css/lib/images/ui-bg_flat_75_ffffff_40x100.html]
[envato.megadrupal.com/html/gofar/revslider-demo/font/revicons90c6.woff]
[envato.megadrupal.com/html/gofar/css/lib/images/ui-bg_highlight-soft_75_cccccc_1x100.html]
[envato.megadrupal.com/html/gofar/css/lib/images/ui-bg_glass_75_e6e6e6_1x400.html]
[envato.megadrupal.com/html/gofar/revslider-demo/assets/gridtile_white.html]
[envato.megadrupal.com/html/gofar/css/lib/images/ui-bg_glass_75_dadada_1x400.html]
[envato.megadrupal.com/html/gofar/revslider-demo/assets/gridtile_3x3.html]
[envato.megadrupal.com/html/gofar/css/lib/images/ui-bg_glass_65_ffffff_1x400.html]
[envato.megadrupal.com/html/gofar/revslider-demo/assets/shadow1.html]
[envato.megadrupal.com/html/gofar/revslider-demo/assets/gridtile_3x3_white.html]
[envato.megadrupal.com/html/gofar/css/lib/images/ui-bg_glass_55_fbf9ee_1x400.html]
[envato.megadrupal.com/html/gofar/css/lib/images/ui-bg_glass_95_fef1ec_1x400.html]
[envato.megadrupal.com/html/gofar/revslider-demo/assets/shadow2.html]
[envato.megadrupal.com/html/gofar/css/lib/images/ui-icons_222222_256x240.html]
[envato.megadrupal.com/html/gofar/revslider-demo/images/gradient/g40.html]
[envato.megadrupal.com/html/gofar/css/lib/images/ui-icons_888888_256x240.html]
[envato.megadrupal.com/html/gofar/revslider-demo/assets/shadow3.html]
[envato.megadrupal.com/html/gofar/revslider-demo/images/gradient/g30.html]
[envato.megadrupal.com/html/gofar/css/lib/images/ui-icons_454545_256x240.html]
[envato.megadrupal.com/html/gofar/css/lib/images/ui-icons_2e83ff_256x240.html]
[envato.megadrupal.com/html/gofar/revslider-demo/assets/boxed_bgtile.html]
[envato.megadrupal.com/html/gofar/css/lib/images/ui-icons_cd0a0a_256x240.html]
[envato.megadrupal.com/html/gofar/revslider-demo/assets/bullet.html]
[envato.megadrupal.com/html/gofar/revslider-demo/assets/navigdots_bgtile.html]
[envato.megadrupal.com/html/gofar/css/lib/images/ui-bg_flat_0_aaaaaa_40x100.html]
[envato.megadrupal.com/html/gofar/revslider-demo/font/revicons90c6.svg]
[envato.megadrupal.com/html/gofar/revslider-demo/assets/bullets.html]
[envato.megadrupal.com/html/gofar/revslider-demo/assets/gridtile.html]
[envato.megadrupal.com/html/gofar/revslider-demo/assets/bullets2.html]
[envato.megadrupal.com/html/gofar/revslider-demo/assets/gridtile_white.html]
[envato.megadrupal.com/html/gofar/revslider-demo/assets/bullet_boxed.html]
[envato.megadrupal.com/html/gofar/revslider-demo/assets/gridtile_3x3.html]
[envato.megadrupal.com/html/gofar/revslider-demo/assets/large_left.html]
[envato.megadrupal.com/html/gofar/revslider-demo/assets/gridtile_3x3_white.html]
[envato.megadrupal.com/html/gofar/revslider-demo/assets/navigdots.html]
[envato.megadrupal.com/html/gofar/revslider-demo/assets/shadow1.html]
[envato.megadrupal.com/html/gofar/revslider-demo/assets/large_right.html]
[envato.megadrupal.com/html/gofar/revslider-demo/assets/shadow2.html]
[envato.megadrupal.com/html/gofar/revslider-demo/assets/small_right.html]
[envato.megadrupal.com/html/gofar/revslider-demo/assets/shadow3.html]
[envato.megadrupal.com/html/gofar/revslider-demo/assets/small_left.html]
[envato.megadrupal.com/html/gofar/revslider-demo/assets/arrow_left.html]
[envato.megadrupal.com/html/gofar/revslider-demo/images/gradient/g30.html]
[envato.megadrupal.com/html/gofar/revslider-demo/images/gradient/g40.html]
[envato.megadrupal.com/html/gofar/revslider-demo/assets/arrow_right.html]
[envato.megadrupal.com/html/gofar/revslider-demo/assets/boxed_bgtile.html]
[envato.megadrupal.com/html/gofar/revslider-demo/assets/small_left_boxed.html]
[envato.megadrupal.com/html/gofar/revslider-demo/assets/navigdots_bgtile.html]
[envato.megadrupal.com/html/gofar/revslider-demo/assets/arrowleft.html]
[envato.megadrupal.com/html/gofar/revslider-demo/assets/bullet.html]
[envato.megadrupal.com/html/gofar/revslider-demo/assets/small_right_boxed.html]
[envato.megadrupal.com/html/gofar/revslider-demo/assets/bullets.html]
[envato.megadrupal.com/html/gofar/revslider-demo/assets/arrowright.html]
[envato.megadrupal.com/html/gofar/revslider-demo/assets/bullets2.html]
[envato.megadrupal.com/html/gofar/revslider-demo/assets/arrow_right2.html]
[envato.megadrupal.com/html/gofar/revslider-demo/assets/arrow_left2.html]
[envato.megadrupal.com/html/gofar/revslider-demo/assets/bullet_boxed.html]
[envato.megadrupal.com/html/gofar/revslider-demo/assets/navigdots.html]
[envato.megadrupal.com/html/gofar/images/overlay-gallery.png]
[envato.megadrupal.com/html/gofar/revslider-demo/assets/large_left.html]
[envato.megadrupal.com/html/gofar/revslider-demo/assets/coloredbg.html]
[envato.megadrupal.com/html/gofar/revslider-demo/assets/large_right.html]
[envato.megadrupal.com/html/gofar/images/pattern2.png]
[envato.megadrupal.com/html/gofar/revslider-demo/assets/small_left.html]
[envato.megadrupal.com/html/gofar/revslider-demo/assets/loader.html]
[envato.megadrupal.com/html/gofar/images/img/bg-button.jpg]
[envato.megadrupal.com/html/gofar/revslider-demo/assets/small_right.html]
[envato.megadrupal.com/html/gofar/revslider-demo/assets/arrow_left.html]
[envato.megadrupal.com/html/gofar/revslider-demo/assets/timer.html]
[envato.megadrupal.com/html/gofar/images/img/16.jpg]
[envato.megadrupal.com/html/gofar/revslider-demo/assets/arrow_right.html]
[envato.megadrupal.com/html/gofar/revslider-demo/assets/small_left_boxed.html]
[envato.megadrupal.com/html/gofar/images/logo-dark.png]
[envato.megadrupal.com/html/gofar/images/img/17.jpg]
[envato.megadrupal.com/html/gofar/revslider-demo/assets/small_right_boxed.html]
[envato.megadrupal.com/html/gofar/revslider-demo/assets/arrowleft.html]
[envato.megadrupal.com/html/gofar/revslider-demo/assets/arrowright.html]
[envato.megadrupal.com/html/gofar/revslider-demo/assets/arrow_left2.html]
[envato.megadrupal.com/html/gofar/images/hotel/1.jpg]
[envato.megadrupal.com/html/gofar/revslider-demo/assets/arrow_right2.html]
[envato.megadrupal.com/html/gofar/revslider-demo/assets/timer.html]
[envato.megadrupal.com/html/gofar/images/hotel/2.jpg]
[envato.megadrupal.com/html/gofar/images/hotel/3.jpg]
[envato.megadrupal.com/html/gofar/images/attraction/2.jpg]
[envato.megadrupal.com/html/gofar/revslider-demo/assets/coloredbg.html]
[envato.megadrupal.com/html/gofar/revslider-demo/assets/loader.html]
[envato.megadrupal.com/html/gofar/flight-popup.html]
[envato.megadrupal.com/html/gofar/images/attraction/4.jpg]
[envato.megadrupal.com/html/gofar/images/attraction/1.jpg]
[envato.megadrupal.com/html/gofar/images/attraction/3.jpg]
[envato.megadrupal.com/html/gofar/images/attraction/5.jpg]
[envato.megadrupal.com/html/gofar/js/lib/md-map-extend.js]
[envato.megadrupal.com/html/gofar/js/lib/perfect-scrollbar.min.js]
[envato.megadrupal.com/html/gofar/images/flight/1.jpg]
[envato.megadrupal.com/html/gofar/images/flight/2.jpg]
[envato.megadrupal.com/html/gofar/images/flight/3.jpg]
[envato.megadrupal.com/html/gofar/images/img/10.jpg]
[envato.megadrupal.com/html/gofar/destinations-trip-2.html]
[envato.megadrupal.com/html/gofar/destinations-trip-2.html]
[envato.megadrupal.com/html/gofar/images/img/demo-thumb-1.jpg]
[envato.megadrupal.com/html/gofar/images/img/demo-thumb-2.jpg]
[envato.megadrupal.com/html/gofar/images/img/demo-thumb-3.jpg]
[envato.megadrupal.com/html/gofar/images/img/demo-thumb-4.jpg]
[envato.megadrupal.com/html/gofar/images/img/demo-thumb-5.jpg]
[envato.megadrupal.com/html/gofar/images/paypal2.png]
[envato.megadrupal.com/html/gofar/images/img/demo-thumb.jpg]
[envato.megadrupal.com/html/gofar/css/colors/yellow.css]
[envato.megadrupal.com/html/gofar/images/trips.png]
[envato.megadrupal.com/html/gofar/js/lib/SmoothScroll.js]
[envato.megadrupal.com/html/gofar/images/img/demo-thumb-6.html]
[envato.megadrupal.com/html/gofar/images/img/demo-thumb-6.html]
[envato.megadrupal.com/html/gofar/images/img/demo-thumb-7.html]
[envato.megadrupal.com/html/gofar/images/thumb/1.jpg]
[envato.megadrupal.com/html/gofar/images/img/demo-thumb-7.html]
[envato.megadrupal.com/html/gofar/images/img/demo-thumb-8.html]
[envato.megadrupal.com/html/gofar/images/img/demo-thumb-8.html]
[envato.megadrupal.com/html/gofar/images/img/demo-thumb-9.html]
[envato.megadrupal.com/html/gofar/images/img/demo-thumb-9.html]
[envato.megadrupal.com/html/gofar/images/thumb/2.jpg]
[envato.megadrupal.com/html/gofar/room-type-popup.html]
[envato.megadrupal.com/html/gofar/images/thumb/3.jpg]
[envato.megadrupal.com/html/gofar/images/thumb/4.jpg]
[envato.megadrupal.com/html/gofar/images/flight/4.jpg]
[envato.megadrupal.com/html/gofar/sale-flight-popup.html]
[envato.megadrupal.com/html/gofar/images/paypal.png]
[envato.megadrupal.com/html/gofar/images/img/captcha-demo.png]
[envato.megadrupal.com/html/gofar/js/lib/jquery.form.min.js]
[envato.megadrupal.com/html/gofar/js/lib/jquery.validate.min.js]
[envato.megadrupal.com/html/gofar/TweenLite.html]
[envato.megadrupal.com/html/gofar/TweenLite.html]
[envato.megadrupal.com/html/gofar/Version/index.html]
[envato.megadrupal.com/html/gofar/Version/index.html]
[envato.megadrupal.com/html/gofar/images/img/70.jpg]
[envato.megadrupal.com/html/gofar/images/img/11.jpg]
[envato.megadrupal.com/html/gofar/images/img/12.jpg]
[envato.megadrupal.com/html/TweenLite.html]
[envato.megadrupal.com/html/TweenLite.html]
[envato.megadrupal.com/html/gofar/images/img/14.jpg]
[envato.megadrupal.com/html/gofar/images/img/13.jpg]
[envato.megadrupal.com/html/gofar/images/img/15.jpg]
